2026-02-04 13:00:25,235 - __main__ - DEBUG - Environment variables loaded
2026-02-04 13:00:25,237 - __main__ - INFO - Configured CORS for frontend URL: http://localhost:5173
2026-02-04 13:00:25,238 - __main__ - INFO - Starting Flask application on port 8080
2026-02-04 13:00:25,820 - werkzeug - INFO - [31m[1mWARNING: This is a development server. Do not use it in a production deployment. Use a production WSGI server instead.[0m
 * Running on http://127.0.0.1:8080
2026-02-04 13:00:25,821 - werkzeug - INFO - [33mPress CTRL+C to quit[0m
2026-02-04 13:00:25,823 - werkzeug - INFO -  * Restarting with stat
2026-02-04 13:00:26,915 - __main__ - DEBUG - Environment variables loaded
2026-02-04 13:00:26,918 - __main__ - INFO - Configured CORS for frontend URL: http://localhost:5173
2026-02-04 13:00:26,919 - __main__ - INFO - Starting Flask application on port 8080
2026-02-04 13:00:26,940 - werkzeug - WARNING -  * Debugger is active!
2026-02-04 13:00:26,951 - werkzeug - INFO -  * Debugger PIN: 127-438-379
2026-02-04 13:00:39,872 - werkzeug - INFO - 127.0.0.1 - - [04/Feb/2026 13:00:39] "OPTIONS / HTTP/1.1" 200 -
2026-02-04 13:00:40,130 - __main__ - DEBUG - Health check endpoint called
2026-02-04 13:00:40,132 - werkzeug - INFO - 127.0.0.1 - - [04/Feb/2026 13:00:40] "GET / HTTP/1.1" 200 -
2026-02-04 13:00:50,300 - werkzeug - INFO - 127.0.0.1 - - [04/Feb/2026 13:00:50] "OPTIONS /create HTTP/1.1" 200 -
2026-02-04 13:00:50,620 - __main__ - INFO - Received POST request to /create endpoint
2026-02-04 13:00:50,621 - __main__ - DEBUG - Request data keys: ['playlist_link', 'auth_headers']
2026-02-04 13:00:50,622 - __main__ - INFO - Processing playlist: https://open.spotify.com/playlist/6x0nYdsFLZJVfmBmOgV8fF
2026-02-04 13:00:50,622 - __main__ - DEBUG - Auth headers present: True
2026-02-04 13:00:50,623 - __main__ - DEBUG - Auth headers length: 3604
2026-02-04 13:00:50,623 - ytm - INFO - Starting YouTube Music playlist creation for: https://open.spotify.com/playlist/6x0nYdsFLZJVfmBmOgV8fF
2026-02-04 13:00:50,624 - ytm - DEBUG - Parsing and formatting headers
2026-02-04 13:00:50,625 - ytm - DEBUG - Parsing YouTube Music headers
2026-02-04 13:00:50,626 - ytm - DEBUG - Headers text length: 3604
2026-02-04 13:00:50,627 - ytm - DEBUG - Split headers into 98 lines
2026-02-04 13:00:50,628 - ytm - DEBUG - After cleaning, have 98 lines
2026-02-04 13:00:50,629 - ytm - INFO - Successfully formatted 49 headers
2026-02-04 13:00:50,630 - ytm - DEBUG - Setting up YouTube Music API
2026-02-04 13:00:50,631 - ytm - ERROR - Failed to setup YouTube Music API: The following entries are missing in your headers: cookie, x-goog-authuser. Please try a different request (such as /browse) and make sure you are logged in.
Traceback (most recent call last):
  File "C:\MY MAIN SHIT FILE GONEEEEEEEEE T_T\SpotTransfer\backend\ytm.py", line 126, in create_ytm_playlist
    ytmusicapi.setup(filepath="header_auth.json", headers_raw=formatted_headers)
    ~~~~~~~~~~~~~~~~^^^^^^^^^^^^^^^^^^^^^^^^^^^^^^^^^^^^^^^^^^^^^^^^^^^^^^^^^^^^
  File "C:\Users\thebl\AppData\Roaming\Python\Python314\site-packages\ytmusicapi\setup.py", line 22, in setup
    return setup_browser(filepath, headers_raw)
  File "C:\Users\thebl\AppData\Roaming\Python\Python314\site-packages\ytmusicapi\auth\browser.py", line 51, in setup_browser
    raise YTMusicUserError(
    ...<3 lines>...
    )
ytmusicapi.exceptions.YTMusicUserError: The following entries are missing in your headers: cookie, x-goog-authuser. Please try a different request (such as /browse) and make sure you are logged in.
2026-02-04 13:00:50,640 - __main__ - ERROR - Error creating playlist: Failed to setup YouTube Music API: The following entries are missing in your headers: cookie, x-goog-authuser. Please try a different request (such as /browse) and make sure you are logged in.
Traceback (most recent call last):
  File "C:\MY MAIN SHIT FILE GONEEEEEEEEE T_T\SpotTransfer\backend\ytm.py", line 126, in create_ytm_playlist
    ytmusicapi.setup(filepath="header_auth.json", headers_raw=formatted_headers)
    ~~~~~~~~~~~~~~~~^^^^^^^^^^^^^^^^^^^^^^^^^^^^^^^^^^^^^^^^^^^^^^^^^^^^^^^^^^^^
  File "C:\Users\thebl\AppData\Roaming\Python\Python314\site-packages\ytmusicapi\setup.py", line 22, in setup
    return setup_browser(filepath, headers_raw)
  File "C:\Users\thebl\AppData\Roaming\Python\Python314\site-packages\ytmusicapi\auth\browser.py", line 51, in setup_browser
    raise YTMusicUserError(
    ...<3 lines>...
    )
ytmusicapi.exceptions.YTMusicUserError: The following entries are missing in your headers: cookie, x-goog-authuser. Please try a different request (such as /browse) and make sure you are logged in.

During handling of the above exception, another exception occurred:

Traceback (most recent call last):
  File "C:\MY MAIN SHIT FILE GONEEEEEEEEE T_T\SpotTransfer\backend\main.py", line 50, in create_playlist
    missed_tracks = create_ytm_playlist(playlist_link, auth_headers)
  File "C:\MY MAIN SHIT FILE GONEEEEEEEEE T_T\SpotTransfer\backend\ytm.py", line 130, in create_ytm_playlist
    raise Exception(f"Failed to setup YouTube Music API: {str(e)}")
Exception: Failed to setup YouTube Music API: The following entries are missing in your headers: cookie, x-goog-authuser. Please try a different request (such as /browse) and make sure you are logged in.
2026-02-04 13:00:50,650 - werkzeug - INFO - 127.0.0.1 - - [04/Feb/2026 13:00:50] "[35m[1mPOST /create HTTP/1.1[0m" 500 -
2026-02-04 13:04:25,342 - werkzeug - INFO -  * Detected change in 'C:\\MY MAIN SHIT FILE GONEEEEEEEEE T_T\\SpotTransfer\\backend\\main.py', reloading
2026-02-04 13:04:25,465 - werkzeug - INFO -  * Restarting with stat
